Design Assistant report for DE2_TV
Sun May 10 22:07:51 2015
Quartus II 64-Bit Version 11.0 Build 157 04/27/2011 SJ Full Version


---------------------
; Table of Contents ;
---------------------
  1. Legal Notice
  2. Design Assistant Summary
  3. Design Assistant Settings
  4. High Violations
  5. Medium Violations
  6. Information only Violations
  7. Design Assistant Messages



----------------
; Legal Notice ;
----------------
Copyright (C) 1991-2011 Altera Corporation
Your use of Altera Corporation's design tools, logic functions 
and other software and tools, and its AMPP partner logic 
functions, and any output files from any of the foregoing 
(including device programming or simulation files), and any 
associated documentation or information are expressly subject 
to the terms and conditions of the Altera Program License 
Subscription Agreement, Altera MegaCore Function License 
Agreement, or other applicable license agreement, including, 
without limitation, that your use is for the sole purpose of 
programming logic devices manufactured by Altera and sold by 
Altera or its authorized distributors.  Please refer to the 
applicable agreement for further details.



+-------------------------------------------------------------------------+
; Design Assistant Summary                                                ;
+-----------------------------------+-------------------------------------+
; Design Assistant Status           ; Analyzed - Sun May 10 22:07:51 2015 ;
; Revision Name                     ; DE2_TV                              ;
; Top-level Entity Name             ; DE2_TV                              ;
; Family                            ; Cyclone II                          ;
; Total Critical Violations         ; 0                                   ;
; Total High Violations             ; 2                                   ;
; - Rule C105                       ; 1                                   ;
; - Rule D101                       ; 1                                   ;
; Total Medium Violations           ; 8                                   ;
; - Rule C104                       ; 2                                   ;
; - Rule C106                       ; 2                                   ;
; - Rule R102                       ; 1                                   ;
; - Rule R105                       ; 3                                   ;
; Total Information only Violations ; 162                                 ;
; - Rule T101                       ; 112                                 ;
; - Rule T102                       ; 50                                  ;
+-----------------------------------+-------------------------------------+


+----------------------------------------------------------------------------------------------------------------------------------------------------------------------------------------------------------------------------------------------------------------------------------------------------------+
; Design Assistant Settings                                                                                                                                                                                                                                                                                ;
+--------------------------------------------------------------------------------------------------------------------------------------------------------------------------------------------------------------------------------------------------------------------------------------+--------------+----+
; Option                                                                                                                                                                                                                                                                               ; Setting      ; To ;
+--------------------------------------------------------------------------------------------------------------------------------------------------------------------------------------------------------------------------------------------------------------------------------------+--------------+----+
; Design Assistant mode                                                                                                                                                                                                                                                                ; Post-Fitting ;    ;
; Threshold value for clock net not mapped to clock spines rule                                                                                                                                                                                                                        ; 25           ;    ;
; Minimum number of clock port feed by gated clocks                                                                                                                                                                                                                                    ; 30           ;    ;
; Minimum number of node fan-out                                                                                                                                                                                                                                                       ; 30           ;    ;
; Maximum number of nodes to report                                                                                                                                                                                                                                                    ; 50           ;    ;
; Rule C101: Gated clock should be implemented according to the Altera standard scheme                                                                                                                                                                                                 ; On           ;    ;
; Rule C102: Logic cell should not be used to generate an inverted clock signal                                                                                                                                                                                                        ; On           ;    ;
; Rule C103: Gated clock does not feed at least a pre-defined number of clock ports to effectively save power                                                                                                                                                                          ; On           ;    ;
; Rule C104: Clock signal source should drive only clock input ports                                                                                                                                                                                                                   ; On           ;    ;
; Rule C105: Clock signal should be a global signal (Rule applies during post-fitting analysis. This rule applies during both post-fitting analysis and post-synthesis analysis if the design targets a MAX 3000 or MAX 7000 device. For more information, see the Help for the rule.) ; On           ;    ;
; Rule C106: Clock signal source should not drive registers triggered by different clock edges                                                                                                                                                                                         ; On           ;    ;
; Rule R101: Combinational logic used as a reset signal should be synchronized                                                                                                                                                                                                         ; On           ;    ;
; Rule R102: External reset signals should be synchronized using two cascaded registers                                                                                                                                                                                                ; On           ;    ;
; Rule R103: External reset signal should be correctly synchronized                                                                                                                                                                                                                    ; On           ;    ;
; Rule R104: The reset signal that is generated in one clock domain and used in another clock domain should be correctly synchronized                                                                                                                                                  ; On           ;    ;
; Rule R105: The reset signal that is generated in one clock domain and used in another clock domain should be synchronized                                                                                                                                                            ; On           ;    ;
; Rule T101: Nodes with more than the specified number of fan-outs                                                                                                                                                                                                                     ; On           ;    ;
; Rule T102: Top nodes with the highest number of fan-outs                                                                                                                                                                                                                             ; On           ;    ;
; Rule A101: Design should not contain combinational loops                                                                                                                                                                                                                             ; On           ;    ;
; Rule A102: Register output should not drive its own control signal directly or through combinational logic                                                                                                                                                                           ; On           ;    ;
; Rule A103: Design should not contain delay chains                                                                                                                                                                                                                                    ; On           ;    ;
; Rule A104: Design should not contain ripple clock structures                                                                                                                                                                                                                         ; On           ;    ;
; Rule A105: Pulses should not be implemented asynchronously                                                                                                                                                                                                                           ; On           ;    ;
; Rule A106: Multiple pulses should not be generated in design                                                                                                                                                                                                                         ; On           ;    ;
; Rule A107: Design should not contain SR latches                                                                                                                                                                                                                                      ; On           ;    ;
; Rule A108: Design should not contain latches                                                                                                                                                                                                                                         ; On           ;    ;
; Rule S101: Output enable and input of the same tri-state node should not be driven by same signal source                                                                                                                                                                             ; On           ;    ;
; Rule S102: Synchronous port and asynchronous port of the same register should not be driven by the same signal source                                                                                                                                                                ; On           ;    ;
; Rule S103: More than one asynchronous port of a register should not be driven by the same signal source                                                                                                                                                                              ; On           ;    ;
; Rule S104: Clock port and any other port of a register should not be driven by the same signal source                                                                                                                                                                                ; On           ;    ;
; Rule D101: Data bits are not synchronized when transferred between asynchronous clock domains                                                                                                                                                                                        ; On           ;    ;
; Rule D102: Multiple data bits that are transferred across asynchronous clock domains are synchronized, but not all bits may be aligned in the receiving clock domain                                                                                                                 ; On           ;    ;
; Rule D103: Data bits are not correctly synchronized when transferred between asynchronous clock domains                                                                                                                                                                              ; On           ;    ;
; Rule M101: Data bits are not synchronized when transferred to the state machine of asynchronous clock domains                                                                                                                                                                        ; Off          ;    ;
; Rule M102: No reset signal defined to initialize the state machine                                                                                                                                                                                                                   ; Off          ;    ;
; Rule M103: State machine should not contain an unreachable state                                                                                                                                                                                                                     ; Off          ;    ;
; Rule M104: State machine should not contain a deadlock state                                                                                                                                                                                                                         ; Off          ;    ;
; Rule M105: State machine should not contain a dead transition                                                                                                                                                                                                                        ; Off          ;    ;
+--------------------------------------------------------------------------------------------------------------------------------------------------------------------------------------------------------------------------------------------------------------------------------------+--------------+----+


+---------------------------------------------------------------------------------------------------------------------------------------+
; High Violations                                                                                                                       ;
+-------------------------------------------------------------------------------------------------------------+-------------------------+
; Rule name                                                                                                   ; Name                    ;
+-------------------------------------------------------------------------------------------------------------+-------------------------+
; Rule C105: Clock signal should be a global signal                                                           ; TD_CLK                  ;
; Rule D101: Data bits are not synchronized when transferred between asynchronous clock domains - Structure 1 ;                         ;
;  Source node(s) from clock "OSC_50"                                                                         ; Reset_Delay:u3|oRST_2   ;
;  Destination node(s) from clock "OSC_27"                                                                    ; YCbCr2RGB:u8|oDVAL      ;
;  Destination node(s) from clock "OSC_27"                                                                    ; YCbCr2RGB:u8|oDVAL_d[3] ;
;  Destination node(s) from clock "OSC_27"                                                                    ; YCbCr2RGB:u8|X_OUT[0]   ;
;  Destination node(s) from clock "OSC_27"                                                                    ; YCbCr2RGB:u8|X_OUT[19]  ;
;  Destination node(s) from clock "OSC_27"                                                                    ; YCbCr2RGB:u8|X_OUT[1]   ;
;  Destination node(s) from clock "OSC_27"                                                                    ; YCbCr2RGB:u8|X_OUT[2]   ;
;  Destination node(s) from clock "OSC_27"                                                                    ; YCbCr2RGB:u8|X_OUT[3]   ;
;  Destination node(s) from clock "OSC_27"                                                                    ; YCbCr2RGB:u8|X_OUT[18]  ;
;  Destination node(s) from clock "OSC_27"                                                                    ; YCbCr2RGB:u8|oDVAL_d[2] ;
;  Destination node(s) from clock "OSC_27"                                                                    ; YCbCr2RGB:u8|X_OUT[13]  ;
+-------------------------------------------------------------------------------------------------------------+-------------------------+


+-------------------------------------------------------------------------------------------------------------------------------------------------------------------------------------------------------------------------------------------------------------------------+
; Medium Violations                                                                                                                                                                                                                                                       ;
+---------------------------------------------------------------------------------------------------------------------------+---------------------------------------------------------------------------------------------------------------------------------------------+
; Rule name                                                                                                                 ; Name                                                                                                                                        ;
+---------------------------------------------------------------------------------------------------------------------------+---------------------------------------------------------------------------------------------------------------------------------------------+
; Rule C104: Clock signal source should drive only clock input ports                                                        ; avconf:u1|mI2C_CTRL_CLK                                                                                                                     ;
;  Clock ports destination node(s) list                                                                                     ; avconf:u1|I2C_Controller:u0|SD_COUNTER[3]                                                                                                   ;
;  Clock ports destination node(s) list                                                                                     ; avconf:u1|mI2C_GO                                                                                                                           ;
;  Clock ports destination node(s) list                                                                                     ; avconf:u1|I2C_Controller:u0|SD_COUNTER[2]                                                                                                   ;
;  Clock ports destination node(s) list                                                                                     ; avconf:u1|mSetup_ST.0010                                                                                                                    ;
;  Clock ports destination node(s) list                                                                                     ; avconf:u1|I2C_Controller:u0|END                                                                                                             ;
;  Clock ports destination node(s) list                                                                                     ; avconf:u1|mSetup_ST.0001                                                                                                                    ;
;  Clock ports destination node(s) list                                                                                     ; avconf:u1|LUT_INDEX[3]                                                                                                                      ;
;  Clock ports destination node(s) list                                                                                     ; avconf:u1|LUT_INDEX[5]                                                                                                                      ;
;  Clock ports destination node(s) list                                                                                     ; avconf:u1|LUT_INDEX[4]                                                                                                                      ;
;  Clock ports destination node(s) list                                                                                     ; avconf:u1|I2C_Controller:u0|SD_COUNTER[1]                                                                                                   ;
;  Non-clock ports destination node(s) list                                                                                 ; avconf:u1|mI2C_CTRL_CLK~0                                                                                                                   ;
;  Non-clock ports destination node(s) list                                                                                 ; avconf:u1|I2C_Controller:u0|I2C_SCLK~2                                                                                                      ;
; Rule C104: Clock signal source should drive only clock input ports                                                        ; VGA_Ctrl:u9|oVGA_HS                                                                                                                         ;
;  Clock ports destination node(s) list                                                                                     ; VGA_Ctrl:u9|V_Cont[10]                                                                                                                      ;
;  Clock ports destination node(s) list                                                                                     ; VGA_Ctrl:u9|V_Cont[9]                                                                                                                       ;
;  Clock ports destination node(s) list                                                                                     ; VGA_Ctrl:u9|V_Cont[4]                                                                                                                       ;
;  Clock ports destination node(s) list                                                                                     ; VGA_Ctrl:u9|V_Cont[2]                                                                                                                       ;
;  Clock ports destination node(s) list                                                                                     ; VGA_Ctrl:u9|V_Cont[3]                                                                                                                       ;
;  Clock ports destination node(s) list                                                                                     ; VGA_Ctrl:u9|V_Cont[5]                                                                                                                       ;
;  Clock ports destination node(s) list                                                                                     ; VGA_Ctrl:u9|V_Cont[8]                                                                                                                       ;
;  Clock ports destination node(s) list                                                                                     ; VGA_Ctrl:u9|V_Cont[7]                                                                                                                       ;
;  Clock ports destination node(s) list                                                                                     ; VGA_Ctrl:u9|V_Cont[6]                                                                                                                       ;
;  Clock ports destination node(s) list                                                                                     ; VGA_Ctrl:u9|V_Cont[1]                                                                                                                       ;
;  Non-clock ports destination node(s) list                                                                                 ; VGA_Ctrl:u9|oVGA_HS~0                                                                                                                       ;
; Rule C106: Clock signal source should not drive registers triggered by different clock edges                              ; OSC_27                                                                                                                                      ;
;  Positive edge destination node(s) list                                                                                   ; YCbCr2RGB:u8|oDVAL                                                                                                                          ;
;  Positive edge destination node(s) list                                                                                   ; data_temp_rtl_0_bypass[0]                                                                                                                   ;
;  Positive edge destination node(s) list                                                                                   ; cellCount[3]                                                                                                                                ;
;  Positive edge destination node(s) list                                                                                   ; cellCount[2]                                                                                                                                ;
;  Positive edge destination node(s) list                                                                                   ; cellCount[4]                                                                                                                                ;
;  Positive edge destination node(s) list                                                                                   ; cellCount[5]                                                                                                                                ;
;  Positive edge destination node(s) list                                                                                   ; cellCount[6]                                                                                                                                ;
;  Positive edge destination node(s) list                                                                                   ; cellCount[10]                                                                                                                               ;
;  Positive edge destination node(s) list                                                                                   ; cellCount[9]                                                                                                                                ;
;  Positive edge destination node(s) list                                                                                   ; cellCount[8]                                                                                                                                ;
;  Negative edge destination node(s) list                                                                                   ; Mirror_Col:u100|Z_Cont[0]                                                                                                                   ;
;  Negative edge destination node(s) list                                                                                   ; Mirror_Col:u100|Z_Cont[1]                                                                                                                   ;
;  Negative edge destination node(s) list                                                                                   ; Mirror_Col:u100|Z_Cont[2]                                                                                                                   ;
;  Negative edge destination node(s) list                                                                                   ; Mirror_Col:u100|Z_Cont[3]                                                                                                                   ;
;  Negative edge destination node(s) list                                                                                   ; Mirror_Col:u100|Z_Cont[4]                                                                                                                   ;
;  Negative edge destination node(s) list                                                                                   ; average:av2|fullout[29]                                                                                                                     ;
;  Negative edge destination node(s) list                                                                                   ; average:av2|fullout[28]                                                                                                                     ;
;  Negative edge destination node(s) list                                                                                   ; average:av2|fullout[27]                                                                                                                     ;
;  Negative edge destination node(s) list                                                                                   ; average:av1|fullout[30]                                                                                                                     ;
;  Negative edge destination node(s) list                                                                                   ; average:av1|fullout[29]                                                                                                                     ;
; Rule C106: Clock signal source should not drive registers triggered by different clock edges                              ; VGA_Ctrl:u9|oVGA_HS                                                                                                                         ;
;  Positive edge destination node(s) list                                                                                   ; Sdram_Control_4Port:u6|Sdram_RD_FIFO:read_fifo1|dcfifo:dcfifo_component|dcfifo_iep1:auto_generated|a_graycounter_o96:rdptr_g1p|counter7a[1] ;
;  Positive edge destination node(s) list                                                                                   ; Sdram_Control_4Port:u6|Sdram_RD_FIFO:read_fifo1|dcfifo:dcfifo_component|dcfifo_iep1:auto_generated|a_graycounter_o96:rdptr_g1p|counter7a[2] ;
;  Positive edge destination node(s) list                                                                                   ; Sdram_Control_4Port:u6|Sdram_RD_FIFO:read_fifo1|dcfifo:dcfifo_component|dcfifo_iep1:auto_generated|a_graycounter_o96:rdptr_g1p|counter7a[3] ;
;  Positive edge destination node(s) list                                                                                   ; Sdram_Control_4Port:u6|Sdram_RD_FIFO:read_fifo1|dcfifo:dcfifo_component|dcfifo_iep1:auto_generated|a_graycounter_o96:rdptr_g1p|counter7a[4] ;
;  Positive edge destination node(s) list                                                                                   ; Sdram_Control_4Port:u6|Sdram_RD_FIFO:read_fifo1|dcfifo:dcfifo_component|dcfifo_iep1:auto_generated|a_graycounter_o96:rdptr_g1p|counter7a[5] ;
;  Positive edge destination node(s) list                                                                                   ; Sdram_Control_4Port:u6|Sdram_RD_FIFO:read_fifo1|dcfifo:dcfifo_component|dcfifo_iep1:auto_generated|a_graycounter_o96:rdptr_g1p|counter7a[6] ;
;  Positive edge destination node(s) list                                                                                   ; Sdram_Control_4Port:u6|Sdram_RD_FIFO:read_fifo2|dcfifo:dcfifo_component|dcfifo_iep1:auto_generated|a_graycounter_o96:rdptr_g1p|counter7a[1] ;
;  Positive edge destination node(s) list                                                                                   ; Sdram_Control_4Port:u6|Sdram_RD_FIFO:read_fifo2|dcfifo:dcfifo_component|dcfifo_iep1:auto_generated|a_graycounter_o96:rdptr_g1p|counter7a[2] ;
;  Positive edge destination node(s) list                                                                                   ; Sdram_Control_4Port:u6|Sdram_RD_FIFO:read_fifo2|dcfifo:dcfifo_component|dcfifo_iep1:auto_generated|a_graycounter_o96:rdptr_g1p|counter7a[3] ;
;  Positive edge destination node(s) list                                                                                   ; Sdram_Control_4Port:u6|Sdram_RD_FIFO:read_fifo2|dcfifo:dcfifo_component|dcfifo_iep1:auto_generated|a_graycounter_o96:rdptr_g1p|counter7a[4] ;
;  Negative edge destination node(s) list                                                                                   ; VGA_Ctrl:u9|V_Cont[10]                                                                                                                      ;
;  Negative edge destination node(s) list                                                                                   ; VGA_Ctrl:u9|V_Cont[9]                                                                                                                       ;
;  Negative edge destination node(s) list                                                                                   ; VGA_Ctrl:u9|V_Cont[4]                                                                                                                       ;
;  Negative edge destination node(s) list                                                                                   ; VGA_Ctrl:u9|V_Cont[2]                                                                                                                       ;
;  Negative edge destination node(s) list                                                                                   ; VGA_Ctrl:u9|V_Cont[3]                                                                                                                       ;
;  Negative edge destination node(s) list                                                                                   ; VGA_Ctrl:u9|V_Cont[5]                                                                                                                       ;
;  Negative edge destination node(s) list                                                                                   ; VGA_Ctrl:u9|V_Cont[8]                                                                                                                       ;
;  Negative edge destination node(s) list                                                                                   ; VGA_Ctrl:u9|V_Cont[7]                                                                                                                       ;
;  Negative edge destination node(s) list                                                                                   ; VGA_Ctrl:u9|V_Cont[6]                                                                                                                       ;
;  Negative edge destination node(s) list                                                                                   ; VGA_Ctrl:u9|V_Cont[1]                                                                                                                       ;
; Rule R102: External reset signals should be synchronized using two cascaded registers                                     ; KEY[0]                                                                                                                                      ;
;  Reset signal destination node(s) list                                                                                    ; avconf:u1|I2C_Controller:u0|SD_COUNTER[3]                                                                                                   ;
;  Reset signal destination node(s) list                                                                                    ; avconf:u1|mI2C_GO                                                                                                                           ;
;  Reset signal destination node(s) list                                                                                    ; avconf:u1|mI2C_CTRL_CLK                                                                                                                     ;
;  Reset signal destination node(s) list                                                                                    ; avconf:u1|I2C_Controller:u0|SD_COUNTER[2]                                                                                                   ;
;  Reset signal destination node(s) list                                                                                    ; avconf:u1|mSetup_ST.0010                                                                                                                    ;
;  Reset signal destination node(s) list                                                                                    ; avconf:u1|I2C_Controller:u0|END                                                                                                             ;
;  Reset signal destination node(s) list                                                                                    ; avconf:u1|mSetup_ST.0001                                                                                                                    ;
;  Reset signal destination node(s) list                                                                                    ; avconf:u1|LUT_INDEX[3]                                                                                                                      ;
;  Reset signal destination node(s) list                                                                                    ; avconf:u1|LUT_INDEX[5]                                                                                                                      ;
;  Reset signal destination node(s) list                                                                                    ; avconf:u1|LUT_INDEX[4]                                                                                                                      ;
; Rule R105: The reset signal that is generated in one clock domain and used in another clock domain should be synchronized ; Reset_Delay:u3|oRST_2                                                                                                                       ;
;  Reset signal destination node(s) from clock "OSC_27"                                                                     ; VGA_Ctrl:u9|V_Cont[10]                                                                                                                      ;
;  Reset signal destination node(s) from clock "OSC_27"                                                                     ; VGA_Ctrl:u9|oVGA_HS                                                                                                                         ;
;  Reset signal destination node(s) from clock "OSC_27"                                                                     ; VGA_Ctrl:u9|V_Cont[9]                                                                                                                       ;
;  Reset signal destination node(s) from clock "OSC_27"                                                                     ; VGA_Ctrl:u9|V_Cont[4]                                                                                                                       ;
;  Reset signal destination node(s) from clock "OSC_27"                                                                     ; VGA_Ctrl:u9|V_Cont[2]                                                                                                                       ;
;  Reset signal destination node(s) from clock "OSC_27"                                                                     ; VGA_Ctrl:u9|V_Cont[3]                                                                                                                       ;
;  Reset signal destination node(s) from clock "OSC_27"                                                                     ; VGA_Ctrl:u9|V_Cont[5]                                                                                                                       ;
;  Reset signal destination node(s) from clock "OSC_27"                                                                     ; VGA_Ctrl:u9|V_Cont[8]                                                                                                                       ;
;  Reset signal destination node(s) from clock "OSC_27"                                                                     ; VGA_Ctrl:u9|V_Cont[7]                                                                                                                       ;
;  Reset signal destination node(s) from clock "OSC_27"                                                                     ; VGA_Ctrl:u9|V_Cont[6]                                                                                                                       ;
; Rule R105: The reset signal that is generated in one clock domain and used in another clock domain should be synchronized ; TD_Detect:u2|TD_Stable                                                                                                                      ;
;  Reset signal destination node(s) from clock "OSC_50"                                                                     ; Reset_Delay:u3|oRST_2                                                                                                                       ;
;  Reset signal destination node(s) from clock "OSC_50"                                                                     ; Reset_Delay:u3|Cont[20]                                                                                                                     ;
;  Reset signal destination node(s) from clock "OSC_50"                                                                     ; Reset_Delay:u3|Cont[21]                                                                                                                     ;
;  Reset signal destination node(s) from clock "OSC_50"                                                                     ; Reset_Delay:u3|Cont[11]                                                                                                                     ;
;  Reset signal destination node(s) from clock "OSC_50"                                                                     ; Reset_Delay:u3|Cont[10]                                                                                                                     ;
;  Reset signal destination node(s) from clock "OSC_50"                                                                     ; Reset_Delay:u3|Cont[9]                                                                                                                      ;
;  Reset signal destination node(s) from clock "OSC_50"                                                                     ; Reset_Delay:u3|Cont[8]                                                                                                                      ;
;  Reset signal destination node(s) from clock "OSC_50"                                                                     ; Reset_Delay:u3|Cont[16]                                                                                                                     ;
;  Reset signal destination node(s) from clock "OSC_50"                                                                     ; Reset_Delay:u3|Cont[18]                                                                                                                     ;
;  Reset signal destination node(s) from clock "OSC_50"                                                                     ; Reset_Delay:u3|Cont[19]                                                                                                                     ;
; Rule R105: The reset signal that is generated in one clock domain and used in another clock domain should be synchronized ; Reset_Delay:u3|oRST_1                                                                                                                       ;
;  Reset signal destination node(s) from clock "TD_CLK"                                                                     ; ITU_656_Decoder:u4|YCbCr[0]                                                                                                                 ;
;  Reset signal destination node(s) from clock "TD_CLK"                                                                     ; ITU_656_Decoder:u4|YCbCr[1]                                                                                                                 ;
;  Reset signal destination node(s) from clock "TD_CLK"                                                                     ; ITU_656_Decoder:u4|YCbCr[2]                                                                                                                 ;
;  Reset signal destination node(s) from clock "TD_CLK"                                                                     ; ITU_656_Decoder:u4|YCbCr[3]                                                                                                                 ;
;  Reset signal destination node(s) from clock "TD_CLK"                                                                     ; ITU_656_Decoder:u4|YCbCr[4]                                                                                                                 ;
;  Reset signal destination node(s) from clock "TD_CLK"                                                                     ; ITU_656_Decoder:u4|YCbCr[5]                                                                                                                 ;
;  Reset signal destination node(s) from clock "TD_CLK"                                                                     ; ITU_656_Decoder:u4|YCbCr[6]                                                                                                                 ;
;  Reset signal destination node(s) from clock "TD_CLK"                                                                     ; ITU_656_Decoder:u4|YCbCr[7]                                                                                                                 ;
;  Reset signal destination node(s) from clock "TD_CLK"                                                                     ; ITU_656_Decoder:u4|YCbCr[8]                                                                                                                 ;
;  Reset signal destination node(s) from clock "TD_CLK"                                                                     ; ITU_656_Decoder:u4|YCbCr[9]                                                                                                                 ;
+---------------------------------------------------------------------------------------------------------------------------+---------------------------------------------------------------------------------------------------------------------------------------------+


+-----------------------------------------------------------------------------------------------------------------------------------------------------------------------------------------+
; Information only Violations                                                                                                                                                             ;
+------------------------------------------------------------------+------------------------------------------------------------------------------------------------------------+---------+
; Rule name                                                        ; Name                                                                                                       ; Fan-Out ;
+------------------------------------------------------------------+------------------------------------------------------------------------------------------------------------+---------+
; Rule T101: Nodes with more than the specified number of fan-outs ; avconf:u1|mI2C_CTRL_CLK~clkctrl                                                                            ; 56      ;
; Rule T101: Nodes with more than the specified number of fan-outs ; KEY[0]                                                                                                     ; 193     ;
; Rule T101: Nodes with more than the specified number of fan-outs ; avconf:u1|LUT_INDEX[3]                                                                                     ; 39      ;
; Rule T101: Nodes with more than the specified number of fan-outs ; avconf:u1|LUT_INDEX[5]                                                                                     ; 34      ;
; Rule T101: Nodes with more than the specified number of fan-outs ; avconf:u1|LUT_INDEX[4]                                                                                     ; 34      ;
; Rule T101: Nodes with more than the specified number of fan-outs ; avconf:u1|LUT_INDEX[1]                                                                                     ; 42      ;
; Rule T101: Nodes with more than the specified number of fan-outs ; avconf:u1|LUT_INDEX[2]                                                                                     ; 44      ;
; Rule T101: Nodes with more than the specified number of fan-outs ; OSC_50~clkctrl                                                                                             ; 185     ;
; Rule T101: Nodes with more than the specified number of fan-outs ; avconf:u1|LUT_INDEX[0]                                                                                     ; 38      ;
; Rule T101: Nodes with more than the specified number of fan-outs ; Reset_Delay:u3|oRST_2~clkctrl                                                                              ; 132     ;
; Rule T101: Nodes with more than the specified number of fan-outs ; Reset_Delay:u3|oRST_2                                                                                      ; 97      ;
; Rule T101: Nodes with more than the specified number of fan-outs ; OSC_27~clkctrl                                                                                             ; 2025    ;
; Rule T101: Nodes with more than the specified number of fan-outs ; ~GND                                                                                                       ; 197     ;
; Rule T101: Nodes with more than the specified number of fan-outs ; Reset_Delay:u3|oRST_0~clkctrl                                                                              ; 319     ;
; Rule T101: Nodes with more than the specified number of fan-outs ; VGA_Ctrl:u9|oRequest~2                                                                                     ; 31      ;
; Rule T101: Nodes with more than the specified number of fan-outs ; Sdram_Control_4Port:u6|Sdram_PLL:sdram_pll1|altpll:altpll_component|_clk0~clkctrl                          ; 441     ;
; Rule T101: Nodes with more than the specified number of fan-outs ; TD_CLK                                                                                                     ; 136     ;
; Rule T101: Nodes with more than the specified number of fan-outs ; Reset_Delay:u3|oRST_1~clkctrl                                                                              ; 80      ;
; Rule T101: Nodes with more than the specified number of fan-outs ; Sdram_Control_4Port:u6|control_interface:control1|INIT_REQ                                                 ; 41      ;
; Rule T101: Nodes with more than the specified number of fan-outs ; ram_infer:downSampledView|mem~7                                                                            ; 32      ;
; Rule T101: Nodes with more than the specified number of fan-outs ; always0~11                                                                                                 ; 33      ;
; Rule T101: Nodes with more than the specified number of fan-outs ; KEY[1]                                                                                                     ; 199     ;
; Rule T101: Nodes with more than the specified number of fan-outs ; x_coord[4]                                                                                                 ; 870     ;
; Rule T101: Nodes with more than the specified number of fan-outs ; x_coord[5]                                                                                                 ; 935     ;
; Rule T101: Nodes with more than the specified number of fan-outs ; x_coord[6]                                                                                                 ; 852     ;
; Rule T101: Nodes with more than the specified number of fan-outs ; x_coord[7]                                                                                                 ; 909     ;
; Rule T101: Nodes with more than the specified number of fan-outs ; x_coord[8]                                                                                                 ; 107     ;
; Rule T101: Nodes with more than the specified number of fan-outs ; x_coord[9]                                                                                                 ; 139     ;
; Rule T101: Nodes with more than the specified number of fan-outs ; y_coord[4]                                                                                                 ; 131     ;
; Rule T101: Nodes with more than the specified number of fan-outs ; y_coord[5]                                                                                                 ; 89      ;
; Rule T101: Nodes with more than the specified number of fan-outs ; y_coord[6]                                                                                                 ; 105     ;
; Rule T101: Nodes with more than the specified number of fan-outs ; y_coord[7]                                                                                                 ; 111     ;
; Rule T101: Nodes with more than the specified number of fan-outs ; y_coord[8]                                                                                                 ; 48      ;
; Rule T101: Nodes with more than the specified number of fan-outs ; cellCount[3]                                                                                               ; 64      ;
; Rule T101: Nodes with more than the specified number of fan-outs ; cellCount[2]                                                                                               ; 67      ;
; Rule T101: Nodes with more than the specified number of fan-outs ; cellCount[4]                                                                                               ; 60      ;
; Rule T101: Nodes with more than the specified number of fan-outs ; cellCount[5]                                                                                               ; 59      ;
; Rule T101: Nodes with more than the specified number of fan-outs ; cellCount[6]                                                                                               ; 58      ;
; Rule T101: Nodes with more than the specified number of fan-outs ; cellCount[10]                                                                                              ; 69      ;
; Rule T101: Nodes with more than the specified number of fan-outs ; always0~12                                                                                                 ; 75      ;
; Rule T101: Nodes with more than the specified number of fan-outs ; cellCount~2                                                                                                ; 75      ;
; Rule T101: Nodes with more than the specified number of fan-outs ; cellCount[9]                                                                                               ; 51      ;
; Rule T101: Nodes with more than the specified number of fan-outs ; cellCount[8]                                                                                               ; 53      ;
; Rule T101: Nodes with more than the specified number of fan-outs ; cellCount[7]                                                                                               ; 54      ;
; Rule T101: Nodes with more than the specified number of fan-outs ; LessThan0~4                                                                                                ; 32      ;
; Rule T101: Nodes with more than the specified number of fan-outs ; cellCount[1]                                                                                               ; 68      ;
; Rule T101: Nodes with more than the specified number of fan-outs ; cellCount[0]                                                                                               ; 68      ;
; Rule T101: Nodes with more than the specified number of fan-outs ; Audio_Controller:Audio_Controller|Altera_UP_Audio_Out_Serializer:Audio_Out_Serializer|read_left_channel    ; 57      ;
; Rule T101: Nodes with more than the specified number of fan-outs ; Audio_Controller:Audio_Controller|Altera_UP_Audio_Out_Serializer:Audio_Out_Serializer|read_right_channel~0 ; 57      ;
; Rule T101: Nodes with more than the specified number of fan-outs ; Audio_Controller:Audio_Controller|Altera_UP_Audio_Out_Serializer:Audio_Out_Serializer|always4~0            ; 34      ;
; Rule T101: Nodes with more than the specified number of fan-outs ; Audio_Controller:Audio_Controller|Altera_UP_Clock_Edge:Bit_Clock_Edges|falling_edge                        ; 32      ;
; Rule T101: Nodes with more than the specified number of fan-outs ; DPDT_SW[17]                                                                                                ; 34      ;
; Rule T101: Nodes with more than the specified number of fan-outs ; blurness[26][5]~1                                                                                          ; 40      ;
; Rule T101: Nodes with more than the specified number of fan-outs ; blurness[26][5]~0                                                                                          ; 40      ;
; Rule T101: Nodes with more than the specified number of fan-outs ; blurness[25][9]~11                                                                                         ; 40      ;
; Rule T101: Nodes with more than the specified number of fan-outs ; blurness[25][9]~12                                                                                         ; 40      ;
; Rule T101: Nodes with more than the specified number of fan-outs ; blurness[24][5]~22                                                                                         ; 40      ;
; Rule T101: Nodes with more than the specified number of fan-outs ; blurness[24][5]~23                                                                                         ; 40      ;
; Rule T101: Nodes with more than the specified number of fan-outs ; blurness[27][9]~34                                                                                         ; 40      ;
; Rule T101: Nodes with more than the specified number of fan-outs ; blurness[27][9]~33                                                                                         ; 40      ;
; Rule T101: Nodes with more than the specified number of fan-outs ; blurness[21][9]~169                                                                                        ; 40      ;
; Rule T101: Nodes with more than the specified number of fan-outs ; blurness[21][9]~168                                                                                        ; 40      ;
; Rule T101: Nodes with more than the specified number of fan-outs ; blurness[22][5]~179                                                                                        ; 40      ;
; Rule T101: Nodes with more than the specified number of fan-outs ; blurness[22][5]~180                                                                                        ; 40      ;
; Rule T101: Nodes with more than the specified number of fan-outs ; blurness[20][5]~191                                                                                        ; 40      ;
; Rule T101: Nodes with more than the specified number of fan-outs ; blurness[20][5]~190                                                                                        ; 40      ;
; Rule T101: Nodes with more than the specified number of fan-outs ; blurness[23][9]~202                                                                                        ; 40      ;
; Rule T101: Nodes with more than the specified number of fan-outs ; blurness[23][9]~201                                                                                        ; 40      ;
; Rule T101: Nodes with more than the specified number of fan-outs ; blurness[18][5]~337                                                                                        ; 40      ;
; Rule T101: Nodes with more than the specified number of fan-outs ; blurness[18][5]~336                                                                                        ; 40      ;
; Rule T101: Nodes with more than the specified number of fan-outs ; blurness[17][9]~348                                                                                        ; 40      ;
; Rule T101: Nodes with more than the specified number of fan-outs ; blurness[17][9]~347                                                                                        ; 40      ;
; Rule T101: Nodes with more than the specified number of fan-outs ; blurness[16][5]~358                                                                                        ; 40      ;
; Rule T101: Nodes with more than the specified number of fan-outs ; blurness[16][5]~359                                                                                        ; 40      ;
; Rule T101: Nodes with more than the specified number of fan-outs ; blurness[19][9]~370                                                                                        ; 40      ;
; Rule T101: Nodes with more than the specified number of fan-outs ; blurness[19][9]~369                                                                                        ; 40      ;
; Rule T101: Nodes with more than the specified number of fan-outs ; blurness[29][9]~504                                                                                        ; 40      ;
; Rule T101: Nodes with more than the specified number of fan-outs ; blurness[29][9]~505                                                                                        ; 40      ;
; Rule T101: Nodes with more than the specified number of fan-outs ; blurness[28][5]~537                                                                                        ; 40      ;
; Rule T101: Nodes with more than the specified number of fan-outs ; blurness[28][5]~538                                                                                        ; 40      ;
; Rule T101: Nodes with more than the specified number of fan-outs ; blurness[0][9]~589                                                                                         ; 40      ;
; Rule T101: Nodes with more than the specified number of fan-outs ; blurness[0][5]~588                                                                                         ; 40      ;
; Rule T101: Nodes with more than the specified number of fan-outs ; blurness[15][5]~631                                                                                        ; 40      ;
; Rule T101: Nodes with more than the specified number of fan-outs ; blurness[15][9]~630                                                                                        ; 40      ;
; Rule T101: Nodes with more than the specified number of fan-outs ; blurness[5][5]~673                                                                                         ; 40      ;
; Rule T101: Nodes with more than the specified number of fan-outs ; blurness[5][5]~672                                                                                         ; 40      ;
; Rule T101: Nodes with more than the specified number of fan-outs ; blurness[9][5]~684                                                                                         ; 40      ;
; Rule T101: Nodes with more than the specified number of fan-outs ; blurness[9][5]~683                                                                                         ; 40      ;
; Rule T101: Nodes with more than the specified number of fan-outs ; blurness[1][5]~694                                                                                         ; 40      ;
; Rule T101: Nodes with more than the specified number of fan-outs ; blurness[1][5]~695                                                                                         ; 40      ;
; Rule T101: Nodes with more than the specified number of fan-outs ; blurness[13][5]~705                                                                                        ; 40      ;
; Rule T101: Nodes with more than the specified number of fan-outs ; blurness[13][5]~706                                                                                        ; 40      ;
; Rule T101: Nodes with more than the specified number of fan-outs ; blurness[10][9]~717                                                                                        ; 40      ;
; Rule T101: Nodes with more than the specified number of fan-outs ; blurness[10][5]~716                                                                                        ; 40      ;
; Rule T101: Nodes with more than the specified number of fan-outs ; blurness[6][5]~727                                                                                         ; 40      ;
; Rule T101: Nodes with more than the specified number of fan-outs ; blurness[6][9]~728                                                                                         ; 40      ;
; Rule T101: Nodes with more than the specified number of fan-outs ; blurness[2][5]~738                                                                                         ; 40      ;
; Rule T101: Nodes with more than the specified number of fan-outs ; blurness[2][9]~739                                                                                         ; 40      ;
; Rule T101: Nodes with more than the specified number of fan-outs ; blurness[14][5]~749                                                                                        ; 40      ;
; Rule T101: Nodes with more than the specified number of fan-outs ; blurness[14][9]~750                                                                                        ; 40      ;
; Rule T101: Nodes with more than the specified number of fan-outs ; blurness[4][5]~760                                                                                         ; 40      ;
; Rule T101: Nodes with more than the specified number of fan-outs ; blurness[4][9]~761                                                                                         ; 40      ;
; Rule T101: Nodes with more than the specified number of fan-outs ; blurness[8][9]~772                                                                                         ; 40      ;
; Rule T101: Nodes with more than the specified number of fan-outs ; blurness[8][5]~771                                                                                         ; 40      ;
; Rule T101: Nodes with more than the specified number of fan-outs ; blurness[12][9]~783                                                                                        ; 40      ;
; Rule T101: Nodes with more than the specified number of fan-outs ; blurness[12][5]~782                                                                                        ; 40      ;
; Rule T101: Nodes with more than the specified number of fan-outs ; blurness[11][5]~794                                                                                        ; 40      ;
; Rule T101: Nodes with more than the specified number of fan-outs ; blurness[11][5]~793                                                                                        ; 40      ;
; Rule T101: Nodes with more than the specified number of fan-outs ; blurness[7][5]~805                                                                                         ; 40      ;
; Rule T101: Nodes with more than the specified number of fan-outs ; blurness[7][5]~804                                                                                         ; 40      ;
; Rule T101: Nodes with more than the specified number of fan-outs ; blurness[3][5]~816                                                                                         ; 40      ;
; Rule T101: Nodes with more than the specified number of fan-outs ; blurness[3][5]~815                                                                                         ; 40      ;
; Rule T102: Top nodes with the highest number of fan-outs         ; OSC_27~clkctrl                                                                                             ; 2025    ;
; Rule T102: Top nodes with the highest number of fan-outs         ; x_coord[5]                                                                                                 ; 935     ;
; Rule T102: Top nodes with the highest number of fan-outs         ; x_coord[7]                                                                                                 ; 909     ;
; Rule T102: Top nodes with the highest number of fan-outs         ; x_coord[4]                                                                                                 ; 870     ;
; Rule T102: Top nodes with the highest number of fan-outs         ; x_coord[6]                                                                                                 ; 852     ;
; Rule T102: Top nodes with the highest number of fan-outs         ; Sdram_Control_4Port:u6|Sdram_PLL:sdram_pll1|altpll:altpll_component|_clk0~clkctrl                          ; 441     ;
; Rule T102: Top nodes with the highest number of fan-outs         ; Reset_Delay:u3|oRST_0~clkctrl                                                                              ; 319     ;
; Rule T102: Top nodes with the highest number of fan-outs         ; KEY[1]                                                                                                     ; 199     ;
; Rule T102: Top nodes with the highest number of fan-outs         ; ~GND                                                                                                       ; 197     ;
; Rule T102: Top nodes with the highest number of fan-outs         ; KEY[0]                                                                                                     ; 193     ;
; Rule T102: Top nodes with the highest number of fan-outs         ; OSC_50~clkctrl                                                                                             ; 185     ;
; Rule T102: Top nodes with the highest number of fan-outs         ; x_coord[9]                                                                                                 ; 139     ;
; Rule T102: Top nodes with the highest number of fan-outs         ; TD_CLK                                                                                                     ; 136     ;
; Rule T102: Top nodes with the highest number of fan-outs         ; Reset_Delay:u3|oRST_2~clkctrl                                                                              ; 132     ;
; Rule T102: Top nodes with the highest number of fan-outs         ; y_coord[4]                                                                                                 ; 131     ;
; Rule T102: Top nodes with the highest number of fan-outs         ; y_coord[7]                                                                                                 ; 111     ;
; Rule T102: Top nodes with the highest number of fan-outs         ; x_coord[8]                                                                                                 ; 107     ;
; Rule T102: Top nodes with the highest number of fan-outs         ; y_coord[6]                                                                                                 ; 105     ;
; Rule T102: Top nodes with the highest number of fan-outs         ; Reset_Delay:u3|oRST_2                                                                                      ; 97      ;
; Rule T102: Top nodes with the highest number of fan-outs         ; y_coord[5]                                                                                                 ; 89      ;
; Rule T102: Top nodes with the highest number of fan-outs         ; Reset_Delay:u3|oRST_1~clkctrl                                                                              ; 80      ;
; Rule T102: Top nodes with the highest number of fan-outs         ; always0~12                                                                                                 ; 75      ;
; Rule T102: Top nodes with the highest number of fan-outs         ; cellCount~2                                                                                                ; 75      ;
; Rule T102: Top nodes with the highest number of fan-outs         ; cellCount[10]                                                                                              ; 69      ;
; Rule T102: Top nodes with the highest number of fan-outs         ; cellCount[1]                                                                                               ; 68      ;
; Rule T102: Top nodes with the highest number of fan-outs         ; cellCount[0]                                                                                               ; 68      ;
; Rule T102: Top nodes with the highest number of fan-outs         ; cellCount[2]                                                                                               ; 67      ;
; Rule T102: Top nodes with the highest number of fan-outs         ; cellCount[3]                                                                                               ; 64      ;
; Rule T102: Top nodes with the highest number of fan-outs         ; cellCount[4]                                                                                               ; 60      ;
; Rule T102: Top nodes with the highest number of fan-outs         ; cellCount[5]                                                                                               ; 59      ;
; Rule T102: Top nodes with the highest number of fan-outs         ; cellCount[6]                                                                                               ; 58      ;
; Rule T102: Top nodes with the highest number of fan-outs         ; Audio_Controller:Audio_Controller|Altera_UP_Audio_Out_Serializer:Audio_Out_Serializer|read_left_channel    ; 57      ;
; Rule T102: Top nodes with the highest number of fan-outs         ; Audio_Controller:Audio_Controller|Altera_UP_Audio_Out_Serializer:Audio_Out_Serializer|read_right_channel~0 ; 57      ;
; Rule T102: Top nodes with the highest number of fan-outs         ; avconf:u1|mI2C_CTRL_CLK~clkctrl                                                                            ; 56      ;
; Rule T102: Top nodes with the highest number of fan-outs         ; cellCount[7]                                                                                               ; 54      ;
; Rule T102: Top nodes with the highest number of fan-outs         ; cellCount[8]                                                                                               ; 53      ;
; Rule T102: Top nodes with the highest number of fan-outs         ; cellCount[9]                                                                                               ; 51      ;
; Rule T102: Top nodes with the highest number of fan-outs         ; y_coord[8]                                                                                                 ; 48      ;
; Rule T102: Top nodes with the highest number of fan-outs         ; avconf:u1|LUT_INDEX[2]                                                                                     ; 44      ;
; Rule T102: Top nodes with the highest number of fan-outs         ; avconf:u1|LUT_INDEX[1]                                                                                     ; 42      ;
; Rule T102: Top nodes with the highest number of fan-outs         ; Sdram_Control_4Port:u6|control_interface:control1|INIT_REQ                                                 ; 41      ;
; Rule T102: Top nodes with the highest number of fan-outs         ; blurness[28][5]~537                                                                                        ; 40      ;
; Rule T102: Top nodes with the highest number of fan-outs         ; blurness[15][9]~630                                                                                        ; 40      ;
; Rule T102: Top nodes with the highest number of fan-outs         ; blurness[18][5]~337                                                                                        ; 40      ;
; Rule T102: Top nodes with the highest number of fan-outs         ; blurness[26][5]~1                                                                                          ; 40      ;
; Rule T102: Top nodes with the highest number of fan-outs         ; blurness[23][9]~202                                                                                        ; 40      ;
; Rule T102: Top nodes with the highest number of fan-outs         ; blurness[23][9]~201                                                                                        ; 40      ;
; Rule T102: Top nodes with the highest number of fan-outs         ; blurness[27][9]~34                                                                                         ; 40      ;
; Rule T102: Top nodes with the highest number of fan-outs         ; blurness[25][9]~11                                                                                         ; 40      ;
; Rule T102: Top nodes with the highest number of fan-outs         ; blurness[29][9]~505                                                                                        ; 40      ;
+------------------------------------------------------------------+------------------------------------------------------------------------------------------------------------+---------+


+---------------------------+
; Design Assistant Messages ;
+---------------------------+
Info: *******************************************************************
Info: Running Quartus II 64-Bit Design Assistant
    Info: Version 11.0 Build 157 04/27/2011 SJ Full Version
    Info: Processing started: Sun May 10 22:07:45 2015
Info: Command: quartus_drc --read_settings_files=off --write_settings_files=off DE2_TV -c DE2_TV
Info: Evaluating HDL-embedded SDC commands
    Info: Entity dcfifo_iep1
        Info: set_false_path -from *rdptr_g* -to *ws_dgrp|dffpipe_qe9:dffpipe22|dffe23a* 
        Info: set_false_path -from *delayed_wrptr_g* -to *rs_dgwp|dffpipe_pe9:dffpipe18|dffe19a* 
Info: Reading SDC File: 'DE2_TV.sdc'
Info: Deriving PLL Clocks
    Info: create_generated_clock -source {u6|sdram_pll1|altpll_component|pll|inclk[0]} -multiply_by 4 -duty_cycle 50.00 -name {Sdram_Control_4Port:u6|Sdram_PLL:sdram_pll1|altpll:altpll_component|_clk0} {u6|sdram_pll1|altpll_component|pll|clk[0]}
    Info: create_generated_clock -source {u6|sdram_pll1|altpll_component|pll|inclk[0]} -multiply_by 4 -phase -117.00 -duty_cycle 50.00 -name {Sdram_Control_4Port:u6|Sdram_PLL:sdram_pll1|altpll:altpll_component|_clk1} {u6|sdram_pll1|altpll_component|pll|clk[1]}
    Info: create_generated_clock -source {Audio_Controller|Audio_Clock|altpll_component|pll|inclk[0]} -divide_by 4 -duty_cycle 50.00 -name {Audio_Controller:Audio_Controller|Audio_Clock:Audio_Clock|altpll:altpll_component|_clk0} {Audio_Controller|Audio_Clock|altpll_component|pll|clk[0]}
Warning: Ignored filter at DE2_TV.sdc(88): Sdram_Control_4Port:u6|Sdram_PLL:sdram_pll1|altpll:altpll_component|_clk2 could not be matched with a clock
Warning: Node: avconf:u1|mI2C_CTRL_CLK was determined to be a clock but was found without an associated clock assignment.
Warning: Node: VGA_Ctrl:u9|oVGA_HS was determined to be a clock but was found without an associated clock assignment.
Warning: Node: TD_HS was determined to be a clock but was found without an associated clock assignment.
Critical Warning: (High) Rule C105: Clock signal should be a global signal. (Value defined:25). Found 1 node(s) related to this rule.
    Critical Warning: Node  "TD_CLK"
Critical Warning: (High) Rule D101: Data bits are not synchronized when transferred between asynchronous clock domains. (Value defined:2). Found 1 asynchronous clock domain interface structure(s) related to this rule.
    Critical Warning: Node  "Reset_Delay:u3|oRST_2"
Warning: (Medium) Rule C104: Clock signal source should drive only clock input ports. Found 2 nodes related to this rule.
    Warning: Node  "avconf:u1|mI2C_CTRL_CLK"
    Warning: Node  "VGA_Ctrl:u9|oVGA_HS"
Warning: (Medium) Rule C106: Clock signal source should not drive registers triggered by different clock edges. Found 2 node(s) related to this rule.
    Warning: Node  "OSC_27"
    Warning: Node  "VGA_Ctrl:u9|oVGA_HS"
Warning: (Medium) Rule R102: External reset signals should be synchronized using two cascaded registers. Found 1 node(s) related to this rule.
    Warning: Node  "KEY[0]"
Warning: (Medium) Rule R105: The reset signal that is generated in one clock domain and used in another clock domain should be synchronized. Found 3 node(s) related to this rule.
    Warning: Node  "Reset_Delay:u3|oRST_2"
    Warning: Node  "TD_Detect:u2|TD_Stable"
    Warning: Node  "Reset_Delay:u3|oRST_1"
Info: (Information) Rule T101: Nodes with more than the specified number of fan-outs. (Value defined:30). Found 112 node(s) with highest fan-out.
    Info: Node  "avconf:u1|mI2C_CTRL_CLK~clkctrl"
    Info: Node  "KEY[0]"
    Info: Node  "avconf:u1|LUT_INDEX[3]"
    Info: Node  "avconf:u1|LUT_INDEX[5]"
    Info: Node  "avconf:u1|LUT_INDEX[4]"
    Info: Node  "avconf:u1|LUT_INDEX[1]"
    Info: Node  "avconf:u1|LUT_INDEX[2]"
    Info: Node  "OSC_50~clkctrl"
    Info: Node  "avconf:u1|LUT_INDEX[0]"
    Info: Node  "Reset_Delay:u3|oRST_2~clkctrl"
    Info: Node  "Reset_Delay:u3|oRST_2"
    Info: Node  "OSC_27~clkctrl"
    Info: Node  "~GND"
    Info: Node  "Reset_Delay:u3|oRST_0~clkctrl"
    Info: Node  "VGA_Ctrl:u9|oRequest~2"
    Info: Node  "Sdram_Control_4Port:u6|Sdram_PLL:sdram_pll1|altpll:altpll_component|_clk0~clkctrl"
    Info: Node  "TD_CLK"
    Info: Node  "Reset_Delay:u3|oRST_1~clkctrl"
    Info: Node  "Sdram_Control_4Port:u6|control_interface:control1|INIT_REQ"
    Info: Node  "ram_infer:downSampledView|mem~7"
    Info: Node  "always0~11"
    Info: Node  "KEY[1]"
    Info: Node  "x_coord[4]"
    Info: Node  "x_coord[5]"
    Info: Node  "x_coord[6]"
    Info: Node  "x_coord[7]"
    Info: Node  "x_coord[8]"
    Info: Node  "x_coord[9]"
    Info: Node  "y_coord[4]"
    Info: Node  "y_coord[5]"
    Info: Truncated list of Design Assistant messages to 30 messages. Go to sections under Design Assistant section of Compilation Report for complete lists of Design Assistant messages generated.
Info: (Information) Rule T102: Top nodes with the highest number of fan-outs. (Value defined:50). Found 50 node(s) with highest fan-out.
    Info: Node  "OSC_27~clkctrl"
    Info: Node  "x_coord[5]"
    Info: Node  "x_coord[7]"
    Info: Node  "x_coord[4]"
    Info: Node  "x_coord[6]"
    Info: Node  "Sdram_Control_4Port:u6|Sdram_PLL:sdram_pll1|altpll:altpll_component|_clk0~clkctrl"
    Info: Node  "Reset_Delay:u3|oRST_0~clkctrl"
    Info: Node  "KEY[1]"
    Info: Node  "~GND"
    Info: Node  "KEY[0]"
    Info: Node  "OSC_50~clkctrl"
    Info: Node  "x_coord[9]"
    Info: Node  "TD_CLK"
    Info: Node  "Reset_Delay:u3|oRST_2~clkctrl"
    Info: Node  "y_coord[4]"
    Info: Node  "y_coord[7]"
    Info: Node  "x_coord[8]"
    Info: Node  "y_coord[6]"
    Info: Node  "Reset_Delay:u3|oRST_2"
    Info: Node  "y_coord[5]"
    Info: Node  "Reset_Delay:u3|oRST_1~clkctrl"
    Info: Node  "always0~12"
    Info: Node  "cellCount~2"
    Info: Node  "cellCount[10]"
    Info: Node  "cellCount[1]"
    Info: Node  "cellCount[0]"
    Info: Node  "cellCount[2]"
    Info: Node  "cellCount[3]"
    Info: Node  "cellCount[4]"
    Info: Node  "cellCount[5]"
    Info: Truncated list of Design Assistant messages to 30 messages. Go to sections under Design Assistant section of Compilation Report for complete lists of Design Assistant messages generated.
Info: Design Assistant information: finished post-fitting analysis of current design -- generated 162 information messages and 10 warning messages
Info: Quartus II 64-Bit Design Assistant was successful. 0 errors, 20 warnings
    Info: Peak virtual memory: 386 megabytes
    Info: Processing ended: Sun May 10 22:07:52 2015
    Info: Elapsed time: 00:00:07
    Info: Total CPU time (on all processors): 00:00:06


